Invalid!
Invalid coordinate
Invalid!
Invalid!
Invalid!
Invalid coordinate
White wins!

Thank you for playing!
