B
B
W
Occupied coordinate
B
Occupied coordinate
A1A2
Invalid coordinate
Invalid!
Invalid!
Invalid coordinate
Invalid!
Invalid!
A1A2
Invalid coordinate
Invalid coordinate
B
W
Occupied coordinate
Invalid coordinate
Invalid coordinate
A1A2A19
Invalid!
Invalid!
Invalid!
