J10,.................................................
M3,..........................................xxxxxxx
W
M12,.................................................
E12,.................................................
Black wins!
A1A2A3A4A19S10S4
Thank you for playing!
