White wins!
A1A5A2B6C4C7A9D8C14E9
Thank you for playing!
