Black wins!
A1A18B1B17C1C16D1E1F1C15G1D17H1F17I1F18J1
Thank you for playing!
